
> build
> vite build

vite v7.1.5 building for production...
[plugin @laravel/vite-plugin-wayfinder] Types generated for actions, routes, form variants
transforming...
✓ 2415 modules transformed.
✗ Build failed in 13.35s
error during build:
[vite-plugin-pwa:build] [plugin vite-plugin-pwa:build] There was an error during the build:
  Could not load /resources/js/components/ui/switch (imported by resources/js/pages/settings.tsx): ENOENT: no such file or directory, open '/resources/js/components/ui/switch'
Additionally, handling the error in the 'buildEnd' hook caused the following error:
  Could not load /resources/js/components/ui/switch (imported by resources/js/pages/settings.tsx): ENOENT: no such file or directory, open '/resources/js/components/ui/switch'
    at getRollupError (file:///home/juan-loze/Documents/Compact/maliyapay/node_modules/rollup/dist/es/shared/parseAst.js:401:41)
    at file:///home/juan-loze/Documents/Compact/maliyapay/node_modules/rollup/dist/es/shared/node-entry.js:23246:39
    at async catchUnfinishedHookActions (file:///home/juan-loze/Documents/Compact/maliyapay/node_modules/rollup/dist/es/shared/node-entry.js:22705:16)
    at async rollupInternal (file:///home/juan-loze/Documents/Compact/maliyapay/node_modules/rollup/dist/es/shared/node-entry.js:23229:5)
    at async buildEnvironment (file:///home/juan-loze/Documents/Compact/maliyapay/node_modules/vite/dist/node/chunks/dep-M_KD0XSK.js:34244:12)
    at async Object.build (file:///home/juan-loze/Documents/Compact/maliyapay/node_modules/vite/dist/node/chunks/dep-M_KD0XSK.js:34614:19)
    at async Object.buildApp (file:///home/juan-loze/Documents/Compact/maliyapay/node_modules/vite/dist/node/chunks/dep-M_KD0XSK.js:34611:153)
    at async CAC.<anonymous> (file:///home/juan-loze/Documents/Compact/maliyapay/node_modules/vite/dist/node/cli.js:648:3)
