
> build
> vite build

vite v7.1.5 building for production...
[plugin @laravel/vite-plugin-wayfinder] Types generated for actions, routes, form variants
transforming...
✓ 4117 modules transformed.
✗ Build failed in 25.75s
error during build:
[vite-plugin-pwa:build] There was an error during the build:
  resources/js/pages/settings.tsx (11:7): "default" is not exported by "resources/js/layouts/AppLayout.tsx", imported by "resources/js/pages/settings.tsx".
Additionally, handling the error in the 'buildEnd' hook caused the following error:
  resources/js/pages/settings.tsx (11:7): "default" is not exported by "resources/js/layouts/AppLayout.tsx", imported by "resources/js/pages/settings.tsx".
file: /home/juan-loze/Documents/Compact/maliyapay/resources/js/pages/settings.tsx:11:7

 9: import { Label } from '@/components/ui/label';
10: import { Switch } from '@/components/ui/switch';
11: import AppLayout from '@/layouts/AppLayout';
           ^
12: import { Head, useForm, usePage } from '@inertiajs/react';
13: import { Bell, Shield } from 'lucide-react';

    at getRollupError (file:///home/juan-loze/Documents/Compact/maliyapay/node_modules/rollup/dist/es/shared/parseAst.js:401:41)
    at file:///home/juan-loze/Documents/Compact/maliyapay/node_modules/rollup/dist/es/shared/node-entry.js:23246:39
    at async catchUnfinishedHookActions (file:///home/juan-loze/Documents/Compact/maliyapay/node_modules/rollup/dist/es/shared/node-entry.js:22705:16)
    at async rollupInternal (file:///home/juan-loze/Documents/Compact/maliyapay/node_modules/rollup/dist/es/shared/node-entry.js:23229:5)
    at async buildEnvironment (file:///home/juan-loze/Documents/Compact/maliyapay/node_modules/vite/dist/node/chunks/dep-M_KD0XSK.js:34244:12)
    at async Object.build (file:///home/juan-loze/Documents/Compact/maliyapay/node_modules/vite/dist/node/chunks/dep-M_KD0XSK.js:34614:19)
    at async Object.buildApp (file:///home/juan-loze/Documents/Compact/maliyapay/node_modules/vite/dist/node/chunks/dep-M_KD0XSK.js:34611:153)
    at async CAC.<anonymous> (file:///home/juan-loze/Documents/Compact/maliyapay/node_modules/vite/dist/node/cli.js:648:3)
